Added Component: Designator=U1(SOIC127P600X175-14N-12-V)
Add component (AddParameter): Name = "Alternate View"; Value = "No"; VariantName = "[No Variations]"
Add component (AddParameter): Name = "Multiple Parts"; Value = "No"; VariantName = "[No Variations]"
Add component (AddParameter): Name = "Symbol Type"; Value = "Half-bridge gate driver with integrated bootstrap diode"; VariantName = "[No Variations]"
Added Component: Designator=U2(SOIC127P600X175-14N-12-V)
Add component (AddParameter): Name = "Alternate View"; Value = "No"; VariantName = "[No Variations]"
Add component (AddParameter): Name = "Multiple Parts"; Value = "No"; VariantName = "[No Variations]"
Add component (AddParameter): Name = "Symbol Type"; Value = "Half-bridge gate driver with integrated bootstrap diode"; VariantName = "[No Variations]"
Added Pin To Net: NetName=NetTP7_1 Pin=U1-1
Added Pin To Net: NetName=NetR19_2 Pin=U1-2
Added Pin To Net: NetName=GND Pin=U1-3
Added Pin To Net: NetName=NetR2_1 Pin=U1-4
Added Pin To Net: NetName=GND Pin=U1-5
Added Pin To Net: NetName=NetR3_1 Pin=U1-6
Added Pin To Net: NetName=+15V Pin=U1-7
Added Pin To Net: NetName=Vmot+ Pin=U1-11
Added Pin To Net: NetName=NetR1_1 Pin=U1-12
Added Pin To Net: NetName=NetC2_1 Pin=U1-13
Added Pin To Net: NetName=NetTP10_1 Pin=U2-1
Added Pin To Net: NetName=NetR19_2 Pin=U2-2
Added Pin To Net: NetName=GND Pin=U2-3
Added Pin To Net: NetName=NetR5_1 Pin=U2-4
Added Pin To Net: NetName=GND Pin=U2-5
Added Pin To Net: NetName=NetR6_1 Pin=U2-6
Added Pin To Net: NetName=+15V Pin=U2-7
Added Pin To Net: NetName=Vmot- Pin=U2-11
Added Pin To Net: NetName=NetR4_1 Pin=U2-12
Added Pin To Net: NetName=NetC5_2 Pin=U2-13
Added Member To Class: ClassName=Mosfter_driver Member=Component U1 IR21844S
Added Member To Class: ClassName=Mosfter_driver Member=Component U2 IR21844S
