Removed Pin From Net: NetName=NetR18_1 Pin=U4-5
Removed Pin From Net: NetName=NetTP6_1 Pin=U4-6
Removed Pin From Net: NetName=NetTP6_1 Pin=U4-7
Added Component: Designator=C15(CAPC1608X08M)
Add component (AddParameter): Name = "Category"; Value = "Passives"; VariantName = "[No Variations]"
Add component (AddParameter): Name = "Current"; Value = "NULL"; VariantName = "[No Variations]"
Add component (AddParameter): Name = "Dielectric"; Value = "X7R"; VariantName = "[No Variations]"
Add component (AddParameter): Name = "IsStocked"; Value = "1"; VariantName = "[No Variations]"
Add component (AddParameter): Name = "Manufacturer"; Value = "TDK"; VariantName = "[No Variations]"
Add component (AddParameter): Name = "Manufacturer Number"; Value = "CGA3E2X7R1H104K080AA"; VariantName = "[No Variations]"
Add component (AddParameter): Name = "PN"; Value = "PN-338083"; VariantName = "[No Variations]"
Add component (AddParameter): Name = "Power"; Value = "NULL"; VariantName = "[No Variations]"
Add component (AddParameter): Name = "SubCategory"; Value = "Condensateurs ceramique"; VariantName = "[No Variations]"
Add component (AddParameter): Name = "Supplier 1"; Value = "ETML"; VariantName = "[No Variations]"
Add component (AddParameter): Name = "Supplier Part Number 1"; Value = "FAB.0603_C 100n"; VariantName = "[No Variations]"
Add component (AddParameter): Name = "Supplier Price 1"; Value = "0.0100"; VariantName = "[No Variations]"
Add component (AddParameter): Name = "TemperatureCoeff"; Value = "NULL"; VariantName = "[No Variations]"
Add component (AddParameter): Name = "TemperatureRange"; Value = "-55°C to +125°C"; VariantName = "[No Variations]"
Add component (AddParameter): Name = "Tolerance"; Value = "±10%"; VariantName = "[No Variations]"
Add component (AddParameter): Name = "Value"; Value = "100nF"; VariantName = "[No Variations]"
Add component (AddParameter): Name = "Voltage"; Value = "50V"; VariantName = "[No Variations]"
Added Component: Designator=C16(CAPC1608X08M)
Add component (AddParameter): Name = "Category"; Value = "Passives"; VariantName = "[No Variations]"
Add component (AddParameter): Name = "Current"; Value = "NULL"; VariantName = "[No Variations]"
Add component (AddParameter): Name = "Dielectric"; Value = "X7R"; VariantName = "[No Variations]"
Add component (AddParameter): Name = "IsStocked"; Value = "1"; VariantName = "[No Variations]"
Add component (AddParameter): Name = "Manufacturer"; Value = "TDK"; VariantName = "[No Variations]"
Add component (AddParameter): Name = "Manufacturer Number"; Value = "CGA3E2X7R1H104K080AA"; VariantName = "[No Variations]"
Add component (AddParameter): Name = "PN"; Value = "PN-338083"; VariantName = "[No Variations]"
Add component (AddParameter): Name = "Power"; Value = "NULL"; VariantName = "[No Variations]"
Add component (AddParameter): Name = "SubCategory"; Value = "Condensateurs ceramique"; VariantName = "[No Variations]"
Add component (AddParameter): Name = "Supplier 1"; Value = "ETML"; VariantName = "[No Variations]"
Add component (AddParameter): Name = "Supplier Part Number 1"; Value = "FAB.0603_C 100n"; VariantName = "[No Variations]"
Add component (AddParameter): Name = "Supplier Price 1"; Value = "0.0100"; VariantName = "[No Variations]"
Add component (AddParameter): Name = "TemperatureCoeff"; Value = "NULL"; VariantName = "[No Variations]"
Add component (AddParameter): Name = "TemperatureRange"; Value = "-55°C to +125°C"; VariantName = "[No Variations]"
Add component (AddParameter): Name = "Tolerance"; Value = "±10%"; VariantName = "[No Variations]"
Add component (AddParameter): Name = "Value"; Value = "100nF"; VariantName = "[No Variations]"
Add component (AddParameter): Name = "Voltage"; Value = "50V"; VariantName = "[No Variations]"
Added Component: Designator=C17(CAPC1608X08M)
Add component (AddParameter): Name = "Category"; Value = "Passives"; VariantName = "[No Variations]"
Add component (AddParameter): Name = "Current"; Value = "NULL"; VariantName = "[No Variations]"
Add component (AddParameter): Name = "Dielectric"; Value = "X7R"; VariantName = "[No Variations]"
Add component (AddParameter): Name = "IsStocked"; Value = "1"; VariantName = "[No Variations]"
Add component (AddParameter): Name = "Manufacturer"; Value = "TDK"; VariantName = "[No Variations]"
Add component (AddParameter): Name = "Manufacturer Number"; Value = "CGA3E2X7R1H104K080AA"; VariantName = "[No Variations]"
Add component (AddParameter): Name = "PN"; Value = "PN-338083"; VariantName = "[No Variations]"
Add component (AddParameter): Name = "Power"; Value = "NULL"; VariantName = "[No Variations]"
Add component (AddParameter): Name = "SubCategory"; Value = "Condensateurs ceramique"; VariantName = "[No Variations]"
Add component (AddParameter): Name = "Supplier 1"; Value = "ETML"; VariantName = "[No Variations]"
Add component (AddParameter): Name = "Supplier Part Number 1"; Value = "FAB.0603_C 100n"; VariantName = "[No Variations]"
Add component (AddParameter): Name = "Supplier Price 1"; Value = "0.0100"; VariantName = "[No Variations]"
Add component (AddParameter): Name = "TemperatureCoeff"; Value = "NULL"; VariantName = "[No Variations]"
Add component (AddParameter): Name = "TemperatureRange"; Value = "-55°C to +125°C"; VariantName = "[No Variations]"
Add component (AddParameter): Name = "Tolerance"; Value = "±10%"; VariantName = "[No Variations]"
Add component (AddParameter): Name = "Value"; Value = "100nF"; VariantName = "[No Variations]"
Add component (AddParameter): Name = "Voltage"; Value = "50V"; VariantName = "[No Variations]"
Added Component: Designator=C18(CAPC1608X08M)
Add component (AddParameter): Name = "Category"; Value = "Passives"; VariantName = "[No Variations]"
Add component (AddParameter): Name = "Current"; Value = "NULL"; VariantName = "[No Variations]"
Add component (AddParameter): Name = "Dielectric"; Value = "X7R"; VariantName = "[No Variations]"
Add component (AddParameter): Name = "IsStocked"; Value = "1"; VariantName = "[No Variations]"
Add component (AddParameter): Name = "Manufacturer"; Value = "TDK"; VariantName = "[No Variations]"
Add component (AddParameter): Name = "Manufacturer Number"; Value = "CGA3E2X7R1H104K080AA"; VariantName = "[No Variations]"
Add component (AddParameter): Name = "PN"; Value = "PN-338083"; VariantName = "[No Variations]"
Add component (AddParameter): Name = "Power"; Value = "NULL"; VariantName = "[No Variations]"
Add component (AddParameter): Name = "SubCategory"; Value = "Condensateurs ceramique"; VariantName = "[No Variations]"
Add component (AddParameter): Name = "Supplier 1"; Value = "ETML"; VariantName = "[No Variations]"
Add component (AddParameter): Name = "Supplier Part Number 1"; Value = "FAB.0603_C 100n"; VariantName = "[No Variations]"
Add component (AddParameter): Name = "Supplier Price 1"; Value = "0.0100"; VariantName = "[No Variations]"
Add component (AddParameter): Name = "TemperatureCoeff"; Value = "NULL"; VariantName = "[No Variations]"
Add component (AddParameter): Name = "TemperatureRange"; Value = "-55°C to +125°C"; VariantName = "[No Variations]"
Add component (AddParameter): Name = "Tolerance"; Value = "±10%"; VariantName = "[No Variations]"
Add component (AddParameter): Name = "Value"; Value = "100nF"; VariantName = "[No Variations]"
Add component (AddParameter): Name = "Voltage"; Value = "50V"; VariantName = "[No Variations]"
Added Component: Designator=U7(FP-LM6132BIMX-NOPB-MFG)
Add component (AddParameter): Name = "Automotive"; Value = "No"; VariantName = "[No Variations]"
Add component (AddParameter): Name = "Category"; Value = "IC"; VariantName = "[No Variations]"
Add component (AddParameter): Name = "ComponentLink2Description"; Value = "Datasheet"; VariantName = "[No Variations]"
Add component (AddParameter): Name = "ComponentLink2URL"; Value = "http://www.ti.com/lit/ds/symlink/lm6132.pdf"; VariantName = "[No Variations]"
Add component (AddParameter): Name = "Device Class L1"; Value = "Integrated Circuits (ICs)"; VariantName = "[No Variations]"
Add component (AddParameter): Name = "Device Class L2"; Value = "Linear ICs"; VariantName = "[No Variations]"
Add component (AddParameter): Name = "Device Class L3"; Value = "Amplifiers - Op Amps"; VariantName = "[No Variations]"
Add component (AddParameter): Name = "Digikey Description"; Value = "IC OPAMP GP 2 CIRCUIT 8SOIC"; VariantName = "[No Variations]"
Add component (AddParameter): Name = "Gain Bandwidth"; Value = "11MHz"; VariantName = "[No Variations]"
Add component (AddParameter): Name = "Height"; Value = "1.75mm"; VariantName = "[No Variations]"
Add component (AddParameter): Name = "Input Bias Current"; Value = "0.125uA"; VariantName = "[No Variations]"
Add component (AddParameter): Name = "Input Offset Voltage"; Value = "1.7V"; VariantName = "[No Variations]"
Add component (AddParameter): Name = "Lead Free"; Value = "Yes"; VariantName = "[No Variations]"
Add component (AddParameter): Name = "Manufacturer"; Value = "Texas Instruments"; VariantName = "[No Variations]"
Add component (AddParameter): Name = "Manufacturer Part Number"; Value = "LM6132BIMX/NOPB"; VariantName = "[No Variations]"
Add component (AddParameter): Name = "Max Dual Supply Voltage"; Value = "12V"; VariantName = "[No Variations]"
Add component (AddParameter): Name = "Max Junction Temp"; Value = "+150°C"; VariantName = "[No Variations]"
Add component (AddParameter): Name = "Max Supply Voltage"; Value = "24V"; VariantName = "[No Variations]"
Add component (AddParameter): Name = "Min Dual Supply Voltage"; Value = "0.9V"; VariantName = "[No Variations]"
Add component (AddParameter): Name = "Min Supply Voltage"; Value = "1.8V"; VariantName = "[No Variations]"
Add component (AddParameter): Name = "Mouser Description"; Value = "Operational Amplifiers - Op Amps DUAL LOW POWER 10 MHZ RRIO OP AMP"; VariantName = "[No Variations]"
Add component (AddParameter): Name = "Nominal Supply Current"; Value = "720uA"; VariantName = "[No Variations]"
Add component (AddParameter): Name = "Number Of Channels"; Value = "2"; VariantName = "[No Variations]"
Add component (AddParameter): Name = "Octopart"; Value = "https://octopart.com/lm6132bimx%2Fnopb-texas+instruments-24814947"; VariantName = "[No Variations]"
Add component (AddParameter): Name = "Output Current Per Channel"; Value = "3.5mA"; VariantName = "[No Variations]"
Add component (AddParameter): Name = "Package"; Value = "SOIC-8"; VariantName = "[No Variations]"
Add component (AddParameter): Name = "RoHS"; Value = "TRUE"; VariantName = "[No Variations]"
Add component (AddParameter): Name = "Standoff Height"; Value = "0.11mm"; VariantName = "[No Variations]"
Add component (AddParameter): Name = "Temperature"; Value = "-40°C to +85°C"; VariantName = "[No Variations]"
Add component (AddParameter): Name = "Temperature Range High"; Value = "+85°C"; VariantName = "[No Variations]"
Add component (AddParameter): Name = "Temperature Range Low"; Value = "-40°C"; VariantName = "[No Variations]"
Add component (AddParameter): Name = "Voltage Gain"; Value = "102V/mV"; VariantName = "[No Variations]"
Added Pin To Net: NetName=-15V Pin=C15-1
Added Pin To Net: NetName=+15V Pin=C15-2
Added Pin To Net: NetName=-15V Pin=C16-1
Added Pin To Net: NetName=+15V Pin=C16-2
Added Pin To Net: NetName=GND Pin=C17-1
Added Pin To Net: NetName=+3.3V Pin=C17-2
Added Pin To Net: NetName=GND Pin=C18-1
Added Pin To Net: NetName=+3.3V Pin=C18-2
Added Pin To Net: NetName=GND Pin=U4-5
Added Pin To Net: NetName=NetTP6_1 Pin=U7-1
Added Pin To Net: NetName=NetTP6_1 Pin=U7-2
Added Pin To Net: NetName=NetR18_1 Pin=U7-3
Added Pin To Net: NetName=GND Pin=U7-4
Added Pin To Net: NetName=GND Pin=U7-5
Added Pin To Net: NetName=+3.3V Pin=U7-8
Added Pin To Net: NetName=NetU4_6 Pin=U4-6
Added Pin To Net: NetName=NetU4_6 Pin=U4-7
Added Net: Name=NetU4_6
Added Pin To Net: NetName=NetU7_6 Pin=U7-6
Added Pin To Net: NetName=NetU7_6 Pin=U7-7
Added Net: Name=NetU7_6
Added Member To Class: ClassName=regulateur_de_tension Member=Component C15 100nF
Added Member To Class: ClassName=regulateur_de_tension Member=Component C16 100nF
Added Member To Class: ClassName=regulateur_de_tension Member=Component C17 100nF
Added Member To Class: ClassName=regulateur_de_tension Member=Component C18 100nF
Added Member To Class: ClassName=MCU Member=Component R19 10k
Added Member To Class: ClassName=regulateur_de_tension Member=Component U7 LM6132BIMX/NOPB
