Added Component: Designator=X1(PIN-1x08-2.54)
Add component (AddParameter): Name = "Category"; Value = "Connectors"; VariantName = "[No Variations]"
Add component (AddParameter): Name = "Current"; Value = "3A"; VariantName = "[No Variations]"
Add component (AddParameter): Name = "IsStocked"; Value = "True"; VariantName = "[No Variations]"
Add component (AddParameter): Name = "Manufacturer"; Value = "Würth Electronik"; VariantName = "[No Variations]"
Add component (AddParameter): Name = "Manufacturer Number"; Value = "61300411121"; VariantName = "[No Variations]"
Add component (AddParameter): Name = "PN"; Value = "PN-492819"; VariantName = "[No Variations]"
Add component (AddParameter): Name = "SubCategory"; Value = "Pin Header"; VariantName = "[No Variations]"
Add component (AddParameter): Name = "Supplier 1"; Value = "ETML"; VariantName = "[No Variations]"
Add component (AddParameter): Name = "Supplier Part Number 1"; Value = "MAG.283.897"; VariantName = "[No Variations]"
Add component (AddParameter): Name = "Supplier Price 1"; Value = "1.6"; VariantName = "[No Variations]"
Add component (AddParameter): Name = "TemperatureRange"; Value = "-40°C to +105°C"; VariantName = "[No Variations]"
Add component (AddParameter): Name = "Value"; Value = "2.54"; VariantName = "[No Variations]"
Add component (AddParameter): Name = "Voltage"; Value = "250V"; VariantName = "[No Variations]"
Add Pin To Net: Unknown Pin: Pin U1-1
Add Pin To Net: Unknown Pin: Pin U1-2
Add Pin To Net: Unknown Pin: Pin U1-3
Add Pin To Net: Unknown Pin: Pin U1-4
Add Pin To Net: Unknown Pin: Pin U1-5
Add Pin To Net: Unknown Pin: Pin U1-6
Add Pin To Net: Unknown Pin: Pin U1-7
Add Pin To Net: Unknown Pin: Pin U1-11
Add Pin To Net: Unknown Pin: Pin U1-12
Add Pin To Net: Unknown Pin: Pin U1-13
Add Pin To Net: Unknown Pin: Pin U2-1
Add Pin To Net: Unknown Pin: Pin U2-2
Add Pin To Net: Unknown Pin: Pin U2-3
Add Pin To Net: Unknown Pin: Pin U2-4
Add Pin To Net: Unknown Pin: Pin U2-5
Add Pin To Net: Unknown Pin: Pin U2-6
Add Pin To Net: Unknown Pin: Pin U2-7
Add Pin To Net: Unknown Pin: Pin U2-11
Add Pin To Net: Unknown Pin: Pin U2-12
Add Pin To Net: Unknown Pin: Pin U2-13
Added Pin To Net: NetName=PGEC1 Pin=X1-1
Added Pin To Net: NetName=PGED1 Pin=X1-2
Added Pin To Net: NetName=GND Pin=X1-3
Added Pin To Net: NetName=+3.3V Pin=X1-4
Added Pin To Net: NetName=Reset Pin=X1-5
Added Member To Class: ClassName=ES_PRJ_6C_2L_2026 Member=Component TP12 5011
Add Class Member: Failed to add class member : Component U1 IR21844S
Add Class Member: Failed to add class member : Component U2 IR21844S
Added Member To Class: ClassName=MCU Member=Component X1 2.54
